<html>
<body>
<pre>
<h1>µVision Build Log</h1>
<h2>Project:</h2>
C:\ANBU_1\ARM\ADVANCED PROJECTS\BIDIRECTIONAL_VISITOR_COUNTER_WITH_RTC_AD\BVC.uvproj
Project File Date:  12/29/2024

<h2>Output:</h2>
Build target 'Target 1'
assembling Startup.s...
compiling MAIN.C...
MAIN.C(41): warning:  #177-D: variable "v" was declared but never referenced
MAIN.C(104): warning:  #167-D: argument of type "u8 *" is incompatible with parameter of type "const char *"
linking...
Program Size: Code=3276 RO-data=32 RW-data=16 ZI-data=1256  
"BVC.axf" - 0 Error(s), 2 Warning(s).
Build target 'Target 1'
linking...
Program Size: Code=3276 RO-data=32 RW-data=16 ZI-data=1256  
"BVC.axf" - 0 Error(s), 0 Warning(s).
Build target 'Target 1'
linking...
Program Size: Code=3548 RO-data=32 RW-data=16 ZI-data=1256  
FromELF: creating hex file...
"BVC.axf" - 0 Error(s), 0 Warning(s).
Build target 'Target 1'
linking...
Program Size: Code=3548 RO-data=32 RW-data=16 ZI-data=1256  
FromELF: creating hex file...
"BVC.axf" - 0 Error(s), 0 Warning(s).
Build target 'Target 1'
compiling MAIN.C...
MAIN.C(41): warning:  #177-D: variable "v" was declared but never referenced
MAIN.C(104): warning:  #167-D: argument of type "u8 *" is incompatible with parameter of type "const char *"
linking...
Program Size: Code=3544 RO-data=32 RW-data=16 ZI-data=1256  
FromELF: creating hex file...
"BVC.axf" - 0 Error(s), 2 Warning(s).
Build target 'Target 1'
linking...
Program Size: Code=3544 RO-data=32 RW-data=16 ZI-data=1256  
FromELF: creating hex file...
"BVC.axf" - 0 Error(s), 0 Warning(s).
